[nacfolg.com/happyos/index.html]
[backblue.gif]
[fade.gif]
[index.html]
[nacfolg.com/happyos/css/style.css]
[nacfolg.com/happyos/img/1.png]
[nacfolg.com/happyos/loginpage/index.html]
[nacfolg.com/happyos/js/bootstrap.min.js]
[nacfolg.com/happyos/js/owl.carousel.min.js]
[nacfolg.com/happyos/js/main.js]
[nacfolg.com/happyos/index.html]
[nacfolg.com/happyos/img/core-img/logo.html]
[nacfolg.com/happyos/css/style.css]
[nacfolg.com/happyos/back/index.html]
[nacfolg.com/happyos/js/jquery.magnific-popup.js]
[nacfolg.com/happyos/js/jquery.min.js]
[nacfolg.com/happyos/loginpage/images/icons/favicon.ico]
[nacfolg.com/happyos/loginpage/vendor/bootstrap/css/bootstrap.min.css]
[nacfolg.com/happyos/loginpage/fonts/font-awesome-4.7.0/css/font-awesome.min.css]
[nacfolg.com/happyos/loginpage/vendor/animate/animate.css]
[nacfolg.com/happyos/loginpage/vendor/select2/select2.min.css]
[nacfolg.com/happyos/loginpage/css/util.css]
[nacfolg.com/happyos/loginpage/images/bg01.jpg]
[nacfolg.com/happyos/gull/html/layout1/branch_add.html]
[nacfolg.com/happyos/loginpage/css/main.css]
[nacfolg.com/happyos/loginpage/images/icons/logo.png]
[nacfolg.com/happyos/loginpage/vendor/bootstrap/js/popper.js]
[nacfolg.com/happyos/loginpage/vendor/jquery/jquery-3.2.1.min.js]
[nacfolg.com/happyos/loginpage/vendor/bootstrap/js/bootstrap.min.js]
[nacfolg.com/happyos/loginpage/vendor/countdowntime/moment-timezone.min.js]
[nacfolg.com/happyos/loginpage/vendor/select2/select2.min.js]
[nacfolg.com/happyos/loginpage/vendor/countdowntime/moment.min.js]
[nacfolg.com/happyos/loginpage/vendor/countdowntime/countdowntime.js]
[nacfolg.com/happyos/loginpage/vendor/tilt/tilt.jquery.min.js]
[nacfolg.com/happyos/loginpage/index.html]
[nacfolg.com/happyos/loginpage/vendor/bootstrap/css/bootstrap.min.css]
[nacfolg.com/happyos/loginpage/js/main.js]
[nacfolg.com/happyos/loginpage/fonts/font-awesome-4.7.0/fonts/fontawesome-webfont3e6e.eot]
[nacfolg.com/happyos/loginpage/fonts/font-awesome-4.7.0/fonts/fontawesome-webfontd41d.eot]
[nacfolg.com/happyos/loginpage/vendor/countdowntime/moment-timezone-with-data.min.js]
[nacfolg.com/happyos/loginpage/fonts/font-awesome-4.7.0/fonts/fontawesome-webfont3e6e.woff2]
[nacfolg.com/happyos/loginpage/fonts/font-awesome-4.7.0/fonts/fontawesome-webfont3e6e.woff]
[nacfolg.com/happyos/loginpage/fonts/font-awesome-4.7.0/fonts/fontawesome-webfont3e6e.ttf]
[nacfolg.com/happyos/loginpage/fonts/font-awesome-4.7.0/css/font-awesome.min.css]
[nacfolg.com/happyos/loginpage/vendor/animate/animate.css]
[nacfolg.com/happyos/loginpage/vendor/select2/select2.min.css]
[nacfolg.com/happyos/loginpage/css/util.css]
[nacfolg.com/happyos/loginpage/fonts/Poppins/Poppins-Regular.ttf]
[nacfolg.com/happyos/loginpage/fonts/Poppins/Poppins-Bold.ttf]
[nacfolg.com/happyos/loginpage/fonts/Lato/Lato-Regular.ttf]
[nacfolg.com/happyos/loginpage/fonts/Lato/Lato-Bold.ttf]
[nacfolg.com/happyos/loginpage/css/main.css]
[nacfolg.com/happyos/gull/dist-assets/css/themes/lite-purple.min.css]
[nacfolg.com/happyos/gull/dist-assets/css/plugins/perfect-scrollbar.min.css]
[nacfolg.com/happyos/gull/dist-assets/css/plugins/datatables.min.css]
[nacfolg.com/happyos/gull/dist-assets/images/logo.png]
[nacfolg.com/happyos/gull/dist-assets/images/faces/1.jpg]
[nacfolg.com/happyos/gull/html/layout1/Stock.html]
[nacfolg.com/happyos/gull/html/layout1/branch_List.html]
[nacfolg.com/happyos/gull/html/layout1/Product_list.html]
[nacfolg.com/happyos/gull/html/layout1/vendor_list.html]
[nacfolg.com/happyos/gull/html/layout1/Purchase_Request.html]
[nacfolg.com/happyos/gull/html/layout1/Purchase_Approval.html]
[nacfolg.com/happyos/gull/dist-assets/js/plugins/jquery-3.3.1.min.js]
[nacfolg.com/happyos/gull/dist-assets/js/plugins/perfect-scrollbar.min.js]
[nacfolg.com/happyos/gull/dist-assets/js/scripts/script.min.js]
[nacfolg.com/happyos/gull/dist-assets/js/scripts/sidebar.large.script.min.js]
[nacfolg.com/happyos/gull/dist-assets/js/plugins/bootstrap.bundle.min.js]
[nacfolg.com/happyos/gull/dist-assets/js/scripts/datatables.script.min.js]
[nacfolg.com/happyos/gull/html/layout1/branch_add.html]
[nacfolg.com/happyos/loginpage/fonts/font-awesome-4.7.0/fonts/fontawesome-webfont3e6e.svg]
[nacfolg.com/happyos/gull/dist-assets/fonts/iconsmind/iconsmind.css]
[nacfolg.com/happyos/gull/dist-assets/images/products/weather-2.jpg]
[nacfolg.com/happyos/gull/dist-assets/css/themes/lite-purple.min.css]
[nacfolg.com/happyos/gull/dist-assets/css/plugins/perfect-scrollbar.min.css]
[nacfolg.com/happyos/gull/dist-assets/css/plugins/datatables.min.css]
[nacfolg.com/happyos/gull/html/layout1/Stock_all.html]
[cdnjs.cloudflare.com/ajax/libs/font-awesome/4.7.0/css/font-awesome.min.css]
[nacfolg.com/happyos/gull/html/layout1/Stock_detail.html]
[nacfolg.com/happyos/gull/html/layout1/Stock.html]
[nacfolg.com/happyos/gull/html/layout1/branch_List.html]
[nacfolg.com/happyos/gull/html/layout1/Product_add.html]
[nacfolg.com/happyos/gull/html/layout1/Product_list.html]
[nacfolg.com/happyos/gull/html/layout1/vendor_add.html]
[nacfolg.com/happyos/gull/html/layout1/vendor_list.html]
[nacfolg.com/happyos/gull/html/layout1/Purchase_Request.html]
[nacfolg.com/happyos/gull/html/layout1/Request_Approval.html]
[nacfolg.com/happyos/gull/html/layout1/Purchase_Approval.html]
[nacfolg.com/happyos/gull/dist-assets/js/plugins/datatables.min.js]
[nacfolg.com/happyos/gull/dist-assets/fonts/iconsmind/iconsmind49064906.eot]
[nacfolg.com/happyos/gull/dist-assets/fonts/iconsmind/iconsmind49064906.ttf]
[nacfolg.com/happyos/gull/dist-assets/fonts/iconsmind/iconsmind49064906.woff]
[nacfolg.com/happyos/gull/dist-assets/fonts/iconsmind/iconsmind.css]
[nacfolg.com/happyos/gull/dist-assets/dist-assets/images/page-bg-bottom.html]
[nacfolg.com/ui-lib.com/wp-content/uploads/2019/04/bg-1.html]
[nacfolg.com/happyos/images/products/watch-2.html]
[cdnjs.cloudflare.com/ajax/libs/font-awesome/4.7.0/css/font-awesome.min.css]
[nacfolg.com/happyos/gull/html/layout1/Stock_all.html]
[nacfolg.com/happyos/gull/html/layout1/Stock_detail.html]
[nacfolg.com/happyos/gull/html/layout1/Product_add.html]
[nacfolg.com/happyos/gull/html/layout1/vendor_add.html]
[nacfolg.com/happyos/gull/html/layout1/Request_Approval.html]
[nacfolg.com/happyos/gull/dist-assets/fonts/iconsmind/iconsmind49064906.svg]
